[debug] [2026-09-29T18:50:13.681Z] ----------------------------------------------------------------------
[debug] [2026-09-29T18:50:13.683Z] Command:       C:\Program Files\nodejs\node.exe C:\Users\janit\AppData\Roaming\npm\node_modules\firebase-tools\lib\bin\firebase.js deploy --only hosting --project aeroshiels-track5
[debug] [2026-09-29T18:50:13.683Z] CLI Version:   15.32.0
[debug] [2026-09-29T18:50:13.683Z] Platform:      win32
[debug] [2026-09-29T18:50:13.683Z] Node Version:  v24.13.0
[debug] [2026-09-29T18:50:13.683Z] Detected Agent: unknown
[debug] [2026-09-29T18:50:13.684Z] Time:          Wed Sep 30 2026 00:20:13 GMT+0530 (India Standard Time)
[debug] [2026-09-29T18:50:13.684Z] ----------------------------------------------------------------------
[debug] 
[debug] [2026-09-29T18:50:15.614Z] > command requires scopes: ["email","openid","https://www.googleapis.com/auth/cloudplatformprojects.readonly","https://www.googleapis.com/auth/firebase","https://www.googleapis.com/auth/cloud-platform"]
[debug] [2026-09-29T18:50:15.614Z] > authorizing via signed-in user (janithvc036@gmail.com)
[debug] [2026-09-29T18:50:15.614Z] [iam] checking project aeroshiels-track5 for permissions ["firebase.projects.get","firebasehosting.sites.update"]
[debug] [2026-09-29T18:50:15.625Z] Checked if tokens are valid: true, expires at: 1790711266000
[debug] [2026-09-29T18:50:15.625Z] Checked if tokens are valid: true, expires at: 1790711266000
[debug] [2026-09-29T18:50:15.626Z] >>> [apiv2][query] POST https://cloudresourcemanager.googleapis.com/v1/projects/aeroshiels-track5:testIamPermissions [none]
[debug] [2026-09-29T18:50:15.626Z] >>> [apiv2][(partial)header] POST https://cloudresourcemanager.googleapis.com/v1/projects/aeroshiels-track5:testIamPermissions  x-goog-user-project=aeroshiels-track5
[debug] [2026-09-29T18:50:15.626Z] >>> [apiv2][body] POST https://cloudresourcemanager.googleapis.com/v1/projects/aeroshiels-track5:testIamPermissions {"permissions":["firebase.projects.get","firebasehosting.sites.update"]}
[debug] [2026-09-29T18:50:17.543Z] <<< [apiv2][status] POST https://cloudresourcemanager.googleapis.com/v1/projects/aeroshiels-track5:testIamPermissions 400
[debug] [2026-09-29T18:50:17.543Z] <<< [apiv2][body] POST https://cloudresourcemanager.googleapis.com/v1/projects/aeroshiels-track5:testIamPermissions {"error":{"code":400,"message":"Project 'projects/aeroshiels-track5' not found or deleted.","status":"INVALID_ARGUMENT","details":[{"@type":"type.googleapis.com/google.rpc.ErrorInfo","reason":"USER_PROJECT_DENIED","domain":"googleapis.com","metadata":{"containerInfo":"projects/aeroshiels-track5","consumer":"projects/aeroshiels-track5","service":"cloudresourcemanager.googleapis.com"}}]}}
[debug] [2026-09-29T18:50:17.543Z] [iam] error while checking permissions, command may fail: Request to https://cloudresourcemanager.googleapis.com/v1/projects/aeroshiels-track5:testIamPermissions had HTTP Error: 400, Project 'projects/aeroshiels-track5' not found or deleted.
[debug] [2026-09-29T18:50:17.544Z] Checked if tokens are valid: true, expires at: 1790711266000
[debug] [2026-09-29T18:50:17.544Z] Checked if tokens are valid: true, expires at: 1790711266000
[debug] [2026-09-29T18:50:17.544Z] >>> [apiv2][query] GET https://firebase.googleapis.com/v1beta1/projects/aeroshiels-track5 [none]
[debug] [2026-09-29T18:50:19.284Z] <<< [apiv2][status] GET https://firebase.googleapis.com/v1beta1/projects/aeroshiels-track5 403
[debug] [2026-09-29T18:50:19.284Z] <<< [apiv2][body] GET https://firebase.googleapis.com/v1beta1/projects/aeroshiels-track5 {"error":{"code":403,"message":"The caller does not have permission","status":"PERMISSION_DENIED"}}
[debug] [2026-09-29T18:50:19.284Z] Request to https://firebase.googleapis.com/v1beta1/projects/aeroshiels-track5 had HTTP Error: 403, The caller does not have permission
[debug] [2026-09-29T18:50:19.813Z] FirebaseError: Request to https://firebase.googleapis.com/v1beta1/projects/aeroshiels-track5 had HTTP Error: 403, The caller does not have permission
    at responseToError (C:\Users\janit\AppData\Roaming\npm\node_modules\firebase-tools\lib\responseToError.js:53:12)
    at RetryOperation._fn (C:\Users\janit\AppData\Roaming\npm\node_modules\firebase-tools\lib\apiv2.js:415:77)
    at process.processTicksAndRejections (node:internal/process/task_queues:103:5)
[error] 
[error] Error: Failed to get Firebase project aeroshiels-track5. Please make sure the project exists and your account has permission to access it.
